// Jest Snapshot v1, https://goo.gl/fbAQLP

exports[`<Label /> should render correctly 1`] = `
<label>
   
  mockText
   
</label>
`;
