// Jest Snapshot v1, https://goo.gl/fbAQLP

exports[`<Label /> should render correctly 1`] = `
<label
  style={
    Object {
      "color": "#4a4a4a",
      "fontFamily": "Roboto, Arial, sans-serif",
      "fontSize": 18,
    }
  }
>
   
  mockText
   
</label>
`;
