// Jest Snapshot v1, https://goo.gl/fbAQLP

exports[`< InputTypeText /> should render correctly 1`] = `
<input
  disabled={true}
  placeholder="e.g. 500"
  style={
    Object {
      "border": "1px solid #d2d2d2",
      "borderRadius": 3,
      "boxShadow": "inset 1px 1px 2px rgba(0, 0, 0, 0.2)",
      "color": "#4a4a4a",
      "fontSize": 18,
      "height": 23,
      "marginBottom": 25,
      "marginTop": 8,
      "padding": "8px 10px",
      "width": "81%",
    }
  }
  type="text"
/>
`;
