// Jest Snapshot v1, https://goo.gl/fbAQLP

exports[`< PrimaryButton /> should render correctly 1`] = `
<input
  style={
    Object {
      "backgroundColor": "#46568e",
      "borderRadius": 4,
      "boxShadow": "0 1px 2px rgba(0, 0, 0, 0.2)",
      "color": "white",
      "fontFamily": "Roboto, Arial, sans-serif",
      "fontSize": 16,
      "height": 40,
      "marginTop": 10,
      "paddingBottom": 8,
      "paddingLeft": 20,
      "paddingRight": 20,
      "paddingTop": 8,
    }
  }
  type="button"
  value="mockValue"
/>
`;
